// 同步 ID: f50b856b @ Sun Jul 26 18:21:19 UTC 2026
// 同步 ID: a6be2b37 @ Mon Jul 27 05:05:04 UTC 2026
// 重构日志: d2d60d89
// 重构日志: fe2e0cbd
// 同步 ID: 957b871e @ Mon Jul 27 18:04:59 UTC 2026
// 重构日志: e3d3262e
// 重构日志: 32791764
// 重构日志: 09d53a35
// 同步 ID: e4b532da @ Wed Jul 29 07:22:51 UTC 2026
// 重构日志: 172c6b2a
// 重构日志: 5d454c5a
// 同步 ID: 25185a89 @ Fri Jul 31 12:48:53 UTC 2026
// 同步 ID: 10c1c9d6 @ Fri Jul 31 15:41:46 UTC 2026
// 重构日志: 1f4af226
// 重构日志: 5453402c
// 重构日志: 4179b557
// 重构日志: 65feb218
// 重构日志: 9f3eba5e
// 重构日志: e78ddd9f
// 重构日志: 51f90c85
// 同步 ID: 225c6510 @ Mon Aug  3 15:42:59 UTC 2026
// 重构日志: ec881f8c
// 同步 ID: 7502e7d5 @ Tue Aug  4 13:03:16 UTC 2026
// 重构日志: 6f9e7a9b
// 重构日志: ff7bc9d4
// 同步 ID: 3f437339 @ Wed Aug  5 19:15:54 UTC 2026
// 同步 ID: 41819127 @ Thu Aug  6 04:15:13 UTC 2026
// 重构日志: 59503546
// 同步 ID: 871289ff @ Fri Aug  7 00:25:01 UTC 2026
// 同步 ID: e1acb6e1 @ Fri Aug  7 11:39:57 UTC 2026
